[backblue.gif]
[fade.gif]
[index.html]
[portify.xyz/public/storage/user/cover/default-user.jpg]
[stackpath.bootstrapcdn.com/bootstrap/4.4.1/css/bootstrap.min.css]
[cdnjs.cloudflare.com/ajax/libs/font-awesome/5.12.1/css/all.min.css]
[cdnjs.cloudflare.com/ajax/libs/OwlCarousel2/2.3.4/assets/owl.carousel.min.css]
[cdnjs.cloudflare.com/ajax/libs/OwlCarousel2/2.3.4/assets/owl.theme.default.min.css]
[cdnjs.cloudflare.com/ajax/libs/animate.css/3.7.2/animate.min.css]
[cdnjs.cloudflare.com/ajax/libs/shards-ui/3.0.0/css/shards.min.css]
[portify.xyz/public/favicons/favicon.ico]
[portify.xyz/public/storage/app/patterns/bg-7.png]
[portify.xyz/public/storage/app/resume/resume.png]
[portify.xyz/public/storage/user/projects/default-project.jpg]
[portify.xyz/public/storage/user/projects/PTFY-project-7125-DG-8395.jpg]
[portify.xyz/public/storage/user/projects/PTFY-project-5748-DG-7287.jpg]
[portify.xyz/public/storage/user/projects/PTFY-project-9580-DG-1984.jpg]
[portify.xyz/public/storage/user/gallery/PTFY-gallery-2235-DG-9212.jpg]
[portify.xyz/public/storage/user/gallery/PTFY-gallery-8740-DG-6493.jpg]
[portify.xyz/public/storage/user/gallery/PTFY-gallery-9443-DG-2232.jpg]
[portify.xyz/public/storage/user/gallery/PTFY-gallery-5178-DG-3645.jpg]
[portify.xyz/public/storage/user/gallery/PTFY-gallery-8940-DG-6866.png]
[portify.xyz/demo-pdf.pdf]
[getbootstrap.com/docs/4.1/assets/js/vendor/popper.min.js]
[cdnjs.cloudflare.com/ajax/libs/jquery/3.4.1/jquery.min.js]
[stackpath.bootstrapcdn.com/bootstrap/4.4.1/js/bootstrap.min.js]
[cdnjs.cloudflare.com/ajax/libs/OwlCarousel2/2.3.4/owl.carousel.min.js]
[cdnjs.cloudflare.com/ajax/libs/waypoints/4.0.1/jquery.waypoints.min.js]
[cdnjs.cloudflare.com/ajax/libs/wow/1.1.2/wow.min.js]
[cdnjs.cloudflare.com/ajax/libs/shards-ui/3.0.0/js/shards.min.js]
[portify.xyz/index.html]
[stackpath.bootstrapcdn.com/bootstrap/4.4.1/css/bootstrap.min.css]
[cdnjs.cloudflare.com/ajax/libs/font-awesome/5.12.1/css/all.min.css]
[cdnjs.cloudflare.com/ajax/libs/OwlCarousel2/2.3.4/assets/owl.video.play.png]
[cdnjs.cloudflare.com/ajax/libs/OwlCarousel2/2.3.4/assets/owl.carousel.min.css]
[cdnjs.cloudflare.com/ajax/libs/OwlCarousel2/2.3.4/assets/owl.theme.default.min.css]
[cdnjs.cloudflare.com/ajax/libs/animate.css/3.7.2/animate.min.css]
[cdnjs.cloudflare.com/ajax/libs/shards-ui/3.0.0/css/shards.min.css]
[portify.xyz/public/css/custom.css]
[portify.xyz/public/fa/s/code.svg]
[portify.xyz/public/fa/s/database.svg]
[portify.xyz/public/fa/s/robot.svg]
[portify.xyz/projects/2/my-personal-project-based-on-lorem-ipsum-with-blog-post.html]
[portify.xyz/projects/4/the-ultimate-research-on-covid-19-lorem-ipsum-research-foundation.html]
[portify.xyz/contact.html]
[portify.xyz/${src}.html]
